Timing Analyzer report for VHDL_Counter4
Sat Oct 22 11:16:08 2022
Version 5.0 Build 148 04/26/2005 SJ Full Version


---------------------
; Table of Contents ;
---------------------
  1. Legal Notice
  2. Timing Analyzer Summary
  3. Timing Analyzer Settings
  4. Clock Settings Summary
  5. Clock Setup: 'CLK'
  6. tsu
  7. tco
  8. th
  9. Timing Analyzer Messages



----------------
; Legal Notice ;
----------------
Copyright (C) 1991-2005 Altera Corporation
Your use of Altera Corporation's design tools, logic functions 
and other software and tools, and its AMPP partner logic       
functions, and any output files any of the foregoing           
(including device programming or simulation files), and any    
associated documentation or information are expressly subject  
to the terms and conditions of the Altera Program License      
Subscription Agreement, Altera MegaCore Function License       
Agreement, or other applicable license agreement, including,   
without limitation, that your use is for the sole purpose of   
programming logic devices manufactured by Altera and sold by   
Altera or its authorized distributors.  Please refer to the    
applicable agreement for further details.



+----------------------------------------------------------------------------------------------------------------------------------------------------------+
; Timing Analyzer Summary                                                                                                                                  ;
+------------------------------+-------+---------------+------------------------------------------------+------+----+------------+----------+--------------+
; Type                         ; Slack ; Required Time ; Actual Time                                    ; From ; To ; From Clock ; To Clock ; Failed Paths ;
+------------------------------+-------+---------------+------------------------------------------------+------+----+------------+----------+--------------+
; Worst-case tsu               ; N/A   ; None          ; 2.230 ns                                       ; RST  ; s2 ;            ; CLK      ; 0            ;
; Worst-case tco               ; N/A   ; None          ; 6.520 ns                                       ; s1   ; q1 ; CLK        ;          ; 0            ;
; Worst-case th                ; N/A   ; None          ; -2.117 ns                                      ; RST  ; s0 ;            ; CLK      ; 0            ;
; Clock Setup: 'CLK'           ; N/A   ; None          ; Restricted to 422.12 MHz ( period = 2.369 ns ) ; s1   ; s3 ; CLK        ; CLK      ; 0            ;
; Total number of failed paths ;       ;               ;                                                ;      ;    ;            ;          ; 0            ;
+------------------------------+-------+---------------+------------------------------------------------+------+----+------------+----------+--------------+


+------------------------------------------------------------------------------------------------------+
; Timing Analyzer Settings                                                                             ;
+-------------------------------------------------------+--------------------+------+----+-------------+
; Option                                                ; Setting            ; From ; To ; Entity Name ;
+-------------------------------------------------------+--------------------+------+----+-------------+
; Device Name                                           ; EP1S10F484C5       ;      ;    ;             ;
; Timing Models                                         ; Final              ;      ;    ;             ;
; Number of source nodes to report per destination node ; 10                 ;      ;    ;             ;
; Number of destination nodes to report                 ; 10                 ;      ;    ;             ;
; Number of paths to report                             ; 200                ;      ;    ;             ;
; Report Minimum Timing Checks                          ; Off                ;      ;    ;             ;
; Use Fast Timing Models                                ; Off                ;      ;    ;             ;
; Report IO Paths Separately                            ; Off                ;      ;    ;             ;
; Default hold multicycle                               ; Same as Multicycle ;      ;    ;             ;
; Cut paths between unrelated clock domains             ; On                 ;      ;    ;             ;
; Cut off read during write signal paths                ; On                 ;      ;    ;             ;
; Cut off feedback from I/O pins                        ; On                 ;      ;    ;             ;
; Report Combined Fast/Slow Timing                      ; Off                ;      ;    ;             ;
; Ignore Clock Settings                                 ; Off                ;      ;    ;             ;
; Analyze latches as synchronous elements               ; Off                ;      ;    ;             ;
; Enable Recovery/Removal analysis                      ; Off                ;      ;    ;             ;
; Enable Clock Latency                                  ; Off                ;      ;    ;             ;
+-------------------------------------------------------+--------------------+------+----+-------------+


+------------------------------------------------------------------------------------------------------------------------------------------------------------------------------------+
; Clock Settings Summary                                                                                                                                                             ;
+-----------------+--------------------+----------+------------------+---------------+--------------+----------+-----------------------+---------------------+--------+--------------+
; Clock Node Name ; Clock Setting Name ; Type     ; Fmax Requirement ; Early Latency ; Late Latency ; Based on ; Multiply Base Fmax by ; Divide Base Fmax by ; Offset ; Phase offset ;
+-----------------+--------------------+----------+------------------+---------------+--------------+----------+-----------------------+---------------------+--------+--------------+
; CLK             ;                    ; User Pin ; NONE             ; 0.000 ns      ; 0.000 ns     ; NONE     ; N/A                   ; N/A                 ; N/A    ;              ;
+-----------------+--------------------+----------+------------------+---------------+--------------+----------+-----------------------+---------------------+--------+--------------+


+--------------------------------------------------------------------------------------------------------------------------------------------------------------------------------+
; Clock Setup: 'CLK'                                                                                                                                                             ;
+-------+------------------------------------------------+------+----+------------+----------+-----------------------------+---------------------------+-------------------------+
; Slack ; Actual fmax (period)                           ; From ; To ; From Clock ; To Clock ; Required Setup Relationship ; Required Longest P2P Time ; Actual Longest P2P Time ;
+-------+------------------------------------------------+------+----+------------+----------+-----------------------------+---------------------------+-------------------------+
; N/A   ; Restricted to 422.12 MHz ( period = 2.369 ns ) ; s1   ; s3 ; CLK        ; CLK      ; None                        ; None                      ; 1.539 ns                ;
; N/A   ; Restricted to 422.12 MHz ( period = 2.369 ns ) ; s0   ; s3 ; CLK        ; CLK      ; None                        ; None                      ; 1.261 ns                ;
; N/A   ; Restricted to 422.12 MHz ( period = 2.369 ns ) ; s1   ; s2 ; CLK        ; CLK      ; None                        ; None                      ; 1.038 ns                ;
; N/A   ; Restricted to 422.12 MHz ( period = 2.369 ns ) ; s1   ; s1 ; CLK        ; CLK      ; None                        ; None                      ; 0.910 ns                ;
; N/A   ; Restricted to 422.12 MHz ( period = 2.369 ns ) ; s2   ; s3 ; CLK        ; CLK      ; None                        ; None                      ; 0.728 ns                ;
; N/A   ; Restricted to 422.12 MHz ( period = 2.369 ns ) ; s2   ; s2 ; CLK        ; CLK      ; None                        ; None                      ; 0.726 ns                ;
; N/A   ; Restricted to 422.12 MHz ( period = 2.369 ns ) ; s0   ; s2 ; CLK        ; CLK      ; None                        ; None                      ; 0.651 ns                ;
; N/A   ; Restricted to 422.12 MHz ( period = 2.369 ns ) ; s0   ; s1 ; CLK        ; CLK      ; None                        ; None                      ; 0.647 ns                ;
; N/A   ; Restricted to 422.12 MHz ( period = 2.369 ns ) ; s0   ; s0 ; CLK        ; CLK      ; None                        ; None                      ; 0.646 ns                ;
; N/A   ; Restricted to 422.12 MHz ( period = 2.369 ns ) ; s3   ; s3 ; CLK        ; CLK      ; None                        ; None                      ; 0.621 ns                ;
+-------+------------------------------------------------+------+----+------------+----------+-----------------------------+---------------------------+-------------------------+


+----------------------------------------------------------+
; tsu                                                      ;
+-------+--------------+------------+------+----+----------+
; Slack ; Required tsu ; Actual tsu ; From ; To ; To Clock ;
+-------+--------------+------------+------+----+----------+
; N/A   ; None         ; 2.230 ns   ; RST  ; s2 ; CLK      ;
; N/A   ; None         ; 2.228 ns   ; RST  ; s1 ; CLK      ;
; N/A   ; None         ; 2.228 ns   ; RST  ; s3 ; CLK      ;
; N/A   ; None         ; 2.227 ns   ; RST  ; s0 ; CLK      ;
+-------+--------------+------------+------+----+----------+


+------------------------------------------------------------+
; tco                                                        ;
+-------+--------------+------------+------+----+------------+
; Slack ; Required tco ; Actual tco ; From ; To ; From Clock ;
+-------+--------------+------------+------+----+------------+
; N/A   ; None         ; 6.520 ns   ; s1   ; q1 ; CLK        ;
; N/A   ; None         ; 6.515 ns   ; s3   ; q3 ; CLK        ;
; N/A   ; None         ; 6.284 ns   ; s2   ; q2 ; CLK        ;
; N/A   ; None         ; 6.118 ns   ; s0   ; q0 ; CLK        ;
+-------+--------------+------------+------+----+------------+


+----------------------------------------------------------------+
; th                                                             ;
+---------------+-------------+-----------+------+----+----------+
; Minimum Slack ; Required th ; Actual th ; From ; To ; To Clock ;
+---------------+-------------+-----------+------+----+----------+
; N/A           ; None        ; -2.117 ns ; RST  ; s0 ; CLK      ;
; N/A           ; None        ; -2.118 ns ; RST  ; s1 ; CLK      ;
; N/A           ; None        ; -2.118 ns ; RST  ; s3 ; CLK      ;
; N/A           ; None        ; -2.120 ns ; RST  ; s2 ; CLK      ;
+---------------+-------------+-----------+------+----+----------+


+--------------------------+
; Timing Analyzer Messages ;
+--------------------------+
Info: *******************************************************************
Info: Running Quartus II Timing Analyzer
    Info: Version 5.0 Build 148 04/26/2005 SJ Full Version
    Info: Processing started: Sat Oct 22 11:16:07 2022
Info: Command: quartus_tan --read_settings_files=off --write_settings_files=off VHDL_Counter4 -c VHDL_Counter4 --timing_analysis_only
Warning: Found pins functioning as undefined clocks and/or memory enables
    Info: Assuming node "CLK" is an undefined clock
Info: Clock "CLK" Internal fmax is restricted to 422.12 MHz between source register "s1" and destination register "s3"
    Info: fmax restricted to clock pin edge rate 2.369 ns. Expand message to see actual delay path.
        Info: + Longest register to register delay is 1.539 ns
            Info: 1: + IC(0.000 ns) + CELL(0.000 ns) = 0.000 ns; Loc. = LC_X52_Y30_N2; Fanout = 4; REG Node = 's1'
            Info: 2: + IC(0.597 ns) + CELL(0.183 ns) = 0.780 ns; Loc. = LC_X52_Y30_N6; Fanout = 1; COMB Node = 'add~111'
            Info: 3: + IC(0.301 ns) + CELL(0.458 ns) = 1.539 ns; Loc. = LC_X52_Y30_N8; Fanout = 2; REG Node = 's3'
            Info: Total cell delay = 0.641 ns ( 41.65 % )
            Info: Total interconnect delay = 0.898 ns ( 58.35 % )
        Info: - Smallest clock skew is 0.000 ns
            Info: + Shortest clock path from clock "CLK" to destination register is 2.790 ns
                Info: 1: + IC(0.000 ns) + CELL(0.725 ns) = 0.725 ns; Loc. = PIN_L2; Fanout = 4; CLK Node = 'CLK'
                Info: 2: + IC(1.523 ns) + CELL(0.542 ns) = 2.790 ns; Loc. = LC_X52_Y30_N8; Fanout = 2; REG Node = 's3'
                Info: Total cell delay = 1.267 ns ( 45.41 % )
                Info: Total interconnect delay = 1.523 ns ( 54.59 % )
            Info: - Longest clock path from clock "CLK" to source register is 2.790 ns
                Info: 1: + IC(0.000 ns) + CELL(0.725 ns) = 0.725 ns; Loc. = PIN_L2; Fanout = 4; CLK Node = 'CLK'
                Info: 2: + IC(1.523 ns) + CELL(0.542 ns) = 2.790 ns; Loc. = LC_X52_Y30_N2; Fanout = 4; REG Node = 's1'
                Info: Total cell delay = 1.267 ns ( 45.41 % )
                Info: Total interconnect delay = 1.523 ns ( 54.59 % )
        Info: + Micro clock to output delay of source is 0.156 ns
        Info: + Micro setup delay of destination is 0.010 ns
Info: tsu for register "s2" (data pin = "RST", clock pin = "CLK") is 2.230 ns
    Info: + Longest pin to register delay is 5.010 ns
        Info: 1: + IC(0.000 ns) + CELL(1.234 ns) = 1.234 ns; Loc. = PIN_D2; Fanout = 4; PIN Node = 'RST'
        Info: 2: + IC(3.237 ns) + CELL(0.539 ns) = 5.010 ns; Loc. = LC_X52_Y30_N5; Fanout = 3; REG Node = 's2'
        Info: Total cell delay = 1.773 ns ( 35.39 % )
        Info: Total interconnect delay = 3.237 ns ( 64.61 % )
    Info: + Micro setup delay of destination is 0.010 ns
    Info: - Shortest clock path from clock "CLK" to destination register is 2.790 ns
        Info: 1: + IC(0.000 ns) + CELL(0.725 ns) = 0.725 ns; Loc. = PIN_L2; Fanout = 4; CLK Node = 'CLK'
        Info: 2: + IC(1.523 ns) + CELL(0.542 ns) = 2.790 ns; Loc. = LC_X52_Y30_N5; Fanout = 3; REG Node = 's2'
        Info: Total cell delay = 1.267 ns ( 45.41 % )
        Info: Total interconnect delay = 1.523 ns ( 54.59 % )
Info: tco from clock "CLK" to destination pin "q1" through register "s1" is 6.520 ns
    Info: + Longest clock path from clock "CLK" to source register is 2.790 ns
        Info: 1: + IC(0.000 ns) + CELL(0.725 ns) = 0.725 ns; Loc. = PIN_L2; Fanout = 4; CLK Node = 'CLK'
        Info: 2: + IC(1.523 ns) + CELL(0.542 ns) = 2.790 ns; Loc. = LC_X52_Y30_N2; Fanout = 4; REG Node = 's1'
        Info: Total cell delay = 1.267 ns ( 45.41 % )
        Info: Total interconnect delay = 1.523 ns ( 54.59 % )
    Info: + Micro clock to output delay of source is 0.156 ns
    Info: + Longest register to pin delay is 3.574 ns
        Info: 1: + IC(0.000 ns) + CELL(0.000 ns) = 0.000 ns; Loc. = LC_X52_Y30_N2; Fanout = 4; REG Node = 's1'
        Info: 2: + IC(1.170 ns) + CELL(2.404 ns) = 3.574 ns; Loc. = PIN_B2; Fanout = 0; PIN Node = 'q1'
        Info: Total cell delay = 2.404 ns ( 67.26 % )
        Info: Total interconnect delay = 1.170 ns ( 32.74 % )
Info: th for register "s0" (data pin = "RST", clock pin = "CLK") is -2.117 ns
    Info: + Longest clock path from clock "CLK" to destination register is 2.790 ns
        Info: 1: + IC(0.000 ns) + CELL(0.725 ns) = 0.725 ns; Loc. = PIN_L2; Fanout = 4; CLK Node = 'CLK'
        Info: 2: + IC(1.523 ns) + CELL(0.542 ns) = 2.790 ns; Loc. = LC_X52_Y30_N4; Fanout = 5; REG Node = 's0'
        Info: Total cell delay = 1.267 ns ( 45.41 % )
        Info: Total interconnect delay = 1.523 ns ( 54.59 % )
    Info: + Micro hold delay of destination is 0.100 ns
    Info: - Shortest pin to register delay is 5.007 ns
        Info: 1: + IC(0.000 ns) + CELL(1.234 ns) = 1.234 ns; Loc. = PIN_D2; Fanout = 4; PIN Node = 'RST'
        Info: 2: + IC(3.234 ns) + CELL(0.539 ns) = 5.007 ns; Loc. = LC_X52_Y30_N4; Fanout = 5; REG Node = 's0'
        Info: Total cell delay = 1.773 ns ( 35.41 % )
        Info: Total interconnect delay = 3.234 ns ( 64.59 % )
Info: Quartus II Timing Analyzer was successful. 0 errors, 1 warning
    Info: Processing ended: Sat Oct 22 11:16:08 2022
    Info: Elapsed time: 00:00:01


