Analysis & Synthesis report for Lab3
Tue Oct 11 14:43:03 2022
Version 5.0 Build 148 04/26/2005 SJ Full Version


---------------------
; Table of Contents ;
---------------------
  1. Legal Notice
  2. Analysis & Synthesis Summary
  3. Analysis & Synthesis Settings
  4. Analysis & Synthesis Source Files Read
  5. Analysis & Synthesis Resource Usage Summary
  6. Analysis & Synthesis Resource Utilization by Entity
  7. Logic Cells Representing Combinational Loops
  8. Analysis & Synthesis Equations
  9. Analysis & Synthesis Messages



----------------
; Legal Notice ;
----------------
Copyright (C) 1991-2005 Altera Corporation
Your use of Altera Corporation's design tools, logic functions 
and other software and tools, and its AMPP partner logic       
functions, and any output files any of the foregoing           
(including device programming or simulation files), and any    
associated documentation or information are expressly subject  
to the terms and conditions of the Altera Program License      
Subscription Agreement, Altera MegaCore Function License       
Agreement, or other applicable license agreement, including,   
without limitation, that your use is for the sole purpose of   
programming logic devices manufactured by Altera and sold by   
Altera or its authorized distributors.  Please refer to the    
applicable agreement for further details.



+------------------------------------------------------------------------+
; Analysis & Synthesis Summary                                           ;
+-----------------------------+------------------------------------------+
; Analysis & Synthesis Status ; Successful - Tue Oct 11 14:43:03 2022    ;
; Quartus II Version          ; 5.0 Build 148 04/26/2005 SJ Full Version ;
; Revision Name               ; Lab3                                     ;
; Top-level Entity Name       ; D-test                                   ;
; Family                      ; MAX7000S                                 ;
; Total macrocells            ; 5                                        ;
; Total pins                  ; 7                                        ;
+-----------------------------+------------------------------------------+


+--------------------------------------------------------------------------------------------------------+
; Analysis & Synthesis Settings                                                                          ;
+----------------------------------------------------------------------+-----------------+---------------+
; Option                                                               ; Setting         ; Default Value ;
+----------------------------------------------------------------------+-----------------+---------------+
; Device                                                               ; EPM7128SLC84-15 ;               ;
; Top-level entity name                                                ; D-test          ; Lab3          ;
; Family name                                                          ; MAX7000S        ; Stratix       ;
; Use smart compilation                                                ; Off             ; Off           ;
; Create Debugging Nodes for IP Cores                                  ; off             ; off           ;
; Preserve fewer node names                                            ; On              ; On            ;
; Disable OpenCore Plus hardware evaluation                            ; Off             ; Off           ;
; Verilog Version                                                      ; Verilog_2001    ; Verilog_2001  ;
; VHDL Version                                                         ; VHDL93          ; VHDL93        ;
; State Machine Processing                                             ; Auto            ; Auto          ;
; Extract Verilog State Machines                                       ; On              ; On            ;
; Extract VHDL State Machines                                          ; On              ; On            ;
; Add Pass-Through Logic to Inferred RAMs                              ; On              ; On            ;
; NOT Gate Push-Back                                                   ; On              ; On            ;
; Power-Up Don't Care                                                  ; On              ; On            ;
; Remove Redundant Logic Cells                                         ; Off             ; Off           ;
; Remove Duplicate Registers                                           ; On              ; On            ;
; Ignore CARRY Buffers                                                 ; Off             ; Off           ;
; Ignore CASCADE Buffers                                               ; Off             ; Off           ;
; Ignore GLOBAL Buffers                                                ; Off             ; Off           ;
; Ignore ROW GLOBAL Buffers                                            ; Off             ; Off           ;
; Ignore LCELL Buffers -- MAX 7000B/7000AE/3000A/7000S/7000A           ; Auto            ; Auto          ;
; Ignore SOFT Buffers -- MAX 7000B/7000AE/3000A/7000S/7000A            ; Off             ; Off           ;
; Limit AHDL Integers to 32 Bits                                       ; Off             ; Off           ;
; Optimization Technique -- MAX 7000B/7000AE/3000A/7000S/7000A         ; Speed           ; Speed         ;
; Allow XOR Gate Usage                                                 ; On              ; On            ;
; Auto Logic Cell Insertion                                            ; On              ; On            ;
; Parallel Expander Chain Length -- MAX 7000B/7000AE/3000A/7000S/7000A ; 4               ; 4             ;
; Auto Parallel Expanders                                              ; On              ; On            ;
; Auto Open-Drain Pins                                                 ; On              ; On            ;
; Remove Duplicate Logic                                               ; On              ; On            ;
; Auto Resource Sharing                                                ; Off             ; Off           ;
; Maximum Fan-in Per Macrocell -- MAX 7000B/7000AE/3000A/7000S/7000A   ; 100             ; 100           ;
; Ignore translate_off and translate_on Synthesis Directives           ; Off             ; Off           ;
; Show Parameter Settings Tables in Synthesis Report                   ; On              ; On            ;
+----------------------------------------------------------------------+-----------------+---------------+


+-------------------------------------------------------------------------------------------------------------------------+
; Analysis & Synthesis Source Files Read                                                                                  ;
+----------------------------------+-----------------+------------------------------------+-------------------------------+
; File Name with User-Entered Path ; Used in Netlist ; File Type                          ; File Name with Absolute Path  ;
+----------------------------------+-----------------+------------------------------------+-------------------------------+
; notand.vhd                       ; yes             ; User VHDL File                     ; C:/altera/Lab3/notand.vhd     ;
; RS-trigger.bdf                   ; yes             ; User Block Diagram/Schematic File  ; C:/altera/Lab3/RS-trigger.bdf ;
; D-trigger.bdf                    ; yes             ; User Block Diagram/Schematic File  ; C:/altera/Lab3/D-trigger.bdf  ;
; dstr.vhd                         ; yes             ; User VHDL File                     ; C:/altera/Lab3/dstr.vhd       ;
; d_behav.vhd                      ; yes             ; User VHDL File                     ; C:/altera/Lab3/d_behav.vhd    ;
; D-test.bdf                       ; yes             ; User Block Diagram/Schematic File  ; C:/altera/Lab3/D-test.bdf     ;
+----------------------------------+-----------------+------------------------------------+-------------------------------+


+---------------------------------------------+
; Analysis & Synthesis Resource Usage Summary ;
+----------------------+----------------------+
; Resource             ; Usage                ;
+----------------------+----------------------+
; Logic cells          ; 5                    ;
; Total registers      ; 1                    ;
; I/O pins             ; 7                    ;
; Shareable expanders  ; 1                    ;
; Maximum fan-out node ; D-input              ;
; Maximum fan-out      ; 4                    ;
; Total fan-out        ; 19                   ;
; Average fan-out      ; 1.46                 ;
+----------------------+----------------------+


+-------------------------------------------------------------------------------------------+
; Analysis & Synthesis Resource Utilization by Entity                                       ;
+----------------------------+------------+------+------------------------------------------+
; Compilation Hierarchy Node ; Macrocells ; Pins ; Full Hierarchy Name                      ;
+----------------------------+------------+------+------------------------------------------+
; |D-test                    ; 5          ; 7    ; |D-test                                  ;
;    |D-trigger:inst2|       ; 2          ; 0    ; |D-test|D-trigger:inst2                  ;
;       |RS-trigger:inst1|   ; 2          ; 0    ; |D-test|D-trigger:inst2|RS-trigger:inst1 ;
;    |d_behav:inst3|         ; 1          ; 0    ; |D-test|d_behav:inst3                    ;
;    |dstr:inst4|            ; 2          ; 0    ; |D-test|dstr:inst4                       ;
;       |notand:u1|          ; 1          ; 0    ; |D-test|dstr:inst4|notand:u1             ;
;       |notand:u2|          ; 1          ; 0    ; |D-test|dstr:inst4|notand:u2             ;
+----------------------------+------------+------+------------------------------------------+


+------------------------------------------------------------+
; Logic Cells Representing Combinational Loops               ;
+--------------------------------------------------------+---+
; Logic Cell Name                                        ;   ;
+--------------------------------------------------------+---+
; D-trigger:inst2|RS-trigger:inst1|inst~0                ;   ;
; dstr:inst4|notand:u1|c~2                               ;   ;
; Number of logic cells representing combinational loops ; 2 ;
+--------------------------------------------------------+---+
Note: All cells listed above may not be present at the end of synthesis due to various synthesis optimizations.


+--------------------------------+
; Analysis & Synthesis Equations ;
+--------------------------------+
The equations can be found in C:/altera/Lab3/Lab3.map.eqn.


+-------------------------------+
; Analysis & Synthesis Messages ;
+-------------------------------+
Info: *******************************************************************
Info: Running Quartus II Analysis & Synthesis
    Info: Version 5.0 Build 148 04/26/2005 SJ Full Version
    Info: Processing started: Tue Oct 11 14:43:02 2022
Info: Command: quartus_map --read_settings_files=on --write_settings_files=off Lab3 -c Lab3
Info: Found 1 design units, including 1 entities, in source file RS-test.bdf
    Info: Found entity 1: RS-test
Info: Found 2 design units, including 1 entities, in source file notand.vhd
    Info: Found design unit 1: notand-behavior
    Info: Found entity 1: notand
Info: Found 1 design units, including 1 entities, in source file RS-trigger.bdf
    Info: Found entity 1: RS-trigger
Info: Found 1 design units, including 1 entities, in source file D-trigger.bdf
    Info: Found entity 1: D-trigger
Info: Found 3 design units, including 1 entities, in source file rstr.vhd
    Info: Found design unit 1: rstr-behav
    Info: Found design unit 2: con
    Info: Found entity 1: rstr
Info: Found 2 design units, including 1 entities, in source file rstr1.vhd
    Info: Found design unit 1: rstr1-behav
    Info: Found entity 1: rstr1
Info: Found 3 design units, including 1 entities, in source file dstr.vhd
    Info: Found design unit 1: dstr-behav
    Info: Found design unit 2: con_d
    Info: Found entity 1: dstr
Info: Found 2 design units, including 1 entities, in source file d_behav.vhd
    Info: Found design unit 1: d_behav-behav
    Info: Found entity 1: d_behav
Info: Found 1 design units, including 1 entities, in source file D-test.bdf
    Info: Found entity 1: D-test
Info: Elaborating entity "D-test" for the top level hierarchy
Info: Elaborating entity "D-trigger" for hierarchy "D-trigger:inst2"
Info: Elaborating entity "RS-trigger" for hierarchy "D-trigger:inst2|RS-trigger:inst1"
Info: Elaborating entity "d_behav" for hierarchy "d_behav:inst3"
Info: Elaborating entity "dstr" for hierarchy "dstr:inst4"
Info: Elaborating entity "notand" for hierarchy "dstr:inst4|notand:u1"
Info: Promoted pin-driven signal(s) to global signal
    Info: Promoted clock signal driven by pin "C-input" to global clock signal
Info: Implemented 13 device resources after synthesis - the final resource count might be different
    Info: Implemented 2 input pins
    Info: Implemented 5 output pins
    Info: Implemented 5 macrocells
    Info: Implemented 1 shareable expanders
Info: Quartus II Analysis & Synthesis was successful. 0 errors, 0 warnings
    Info: Processing ended: Tue Oct 11 14:43:03 2022
    Info: Elapsed time: 00:00:01


