Flow report for Counter4_synth
Sat Oct 22 10:45:36 2022
Version 5.0 Build 148 04/26/2005 SJ Full Version


---------------------
; Table of Contents ;
---------------------
  1. Legal Notice
  2. Flow Summary
  3. Flow Settings
  4. Flow Elapsed Time
  5. Flow Log



----------------
; Legal Notice ;
----------------
Copyright (C) 1991-2005 Altera Corporation
Your use of Altera Corporation's design tools, logic functions 
and other software and tools, and its AMPP partner logic       
functions, and any output files any of the foregoing           
(including device programming or simulation files), and any    
associated documentation or information are expressly subject  
to the terms and conditions of the Altera Program License      
Subscription Agreement, Altera MegaCore Function License       
Agreement, or other applicable license agreement, including,   
without limitation, that your use is for the sole purpose of   
programming logic devices manufactured by Altera and sold by   
Altera or its authorized distributors.  Please refer to the    
applicable agreement for further details.



+---------------------------------------------------------------------+
; Flow Summary                                                        ;
+--------------------------+------------------------------------------+
; Flow Status              ; Successful - Sat Oct 22 10:45:36 2022    ;
; Quartus II Version       ; 5.0 Build 148 04/26/2005 SJ Full Version ;
; Revision Name            ; Counter4_synth                           ;
; Top-level Entity Name    ; Counter4_synth                           ;
; Family                   ; Stratix                                  ;
; Met timing requirements  ; N/A                                      ;
; Total logic elements     ; 7                                        ;
; Total pins               ; 7                                        ;
; Total virtual pins       ; 0                                        ;
; Total memory bits        ; 0                                        ;
; DSP block 9-bit elements ; 0                                        ;
; Total PLLs               ; 0                                        ;
; Total DLLs               ; 0                                        ;
+--------------------------+------------------------------------------+


+-----------------------------------------+
; Flow Settings                           ;
+-------------------+---------------------+
; Option            ; Setting             ;
+-------------------+---------------------+
; Start date & time ; 10/22/2022 10:45:36 ;
; Main task         ; Compilation         ;
; Revision Name     ; Counter4_synth      ;
+-------------------+---------------------+


+-------------------------------------+
; Flow Elapsed Time                   ;
+----------------------+--------------+
; Module Name          ; Elapsed Time ;
+----------------------+--------------+
; Analysis & Synthesis ; 00:00:00     ;
; Total                ; 00:00:00     ;
+----------------------+--------------+


------------
; Flow Log ;
------------
quartus_map --read_settings_files=on --write_settings_files=off Counter4_synth -c Counter4_synth



