Timing Analyzer report for VHDL_JK_trigger
Sat Oct 22 08:05:58 2022
Version 5.0 Build 148 04/26/2005 SJ Full Version


---------------------
; Table of Contents ;
---------------------
  1. Legal Notice
  2. Timing Analyzer Summary
  3. Timing Analyzer Settings
  4. Clock Settings Summary
  5. Clock Setup: 'CLK'
  6. tsu
  7. tco
  8. th
  9. Timing Analyzer Messages



----------------
; Legal Notice ;
----------------
Copyright (C) 1991-2005 Altera Corporation
Your use of Altera Corporation's design tools, logic functions 
and other software and tools, and its AMPP partner logic       
functions, and any output files any of the foregoing           
(including device programming or simulation files), and any    
associated documentation or information are expressly subject  
to the terms and conditions of the Altera Program License      
Subscription Agreement, Altera MegaCore Function License       
Agreement, or other applicable license agreement, including,   
without limitation, that your use is for the sole purpose of   
programming logic devices manufactured by Altera and sold by   
Altera or its authorized distributors.  Please refer to the    
applicable agreement for further details.



+------------------------------------------------------------------------------------------------------------------------------------------------+
; Timing Analyzer Summary                                                                                                                        ;
+------------------------------+-------+---------------+----------------------------------+-------+-------+------------+----------+--------------+
; Type                         ; Slack ; Required Time ; Actual Time                      ; From  ; To    ; From Clock ; To Clock ; Failed Paths ;
+------------------------------+-------+---------------+----------------------------------+-------+-------+------------+----------+--------------+
; Worst-case tsu               ; N/A   ; None          ; 11.000 ns                        ; K     ; state ;            ; CLK      ; 0            ;
; Worst-case tco               ; N/A   ; None          ; 17.000 ns                        ; state ; Qn    ; CLK        ;          ; 0            ;
; Worst-case th                ; N/A   ; None          ; -3.000 ns                        ; K     ; state ;            ; CLK      ; 0            ;
; Clock Setup: 'CLK'           ; N/A   ; None          ; 76.92 MHz ( period = 13.000 ns ) ; state ; state ; CLK        ; CLK      ; 0            ;
; Total number of failed paths ;       ;               ;                                  ;       ;       ;            ;          ; 0            ;
+------------------------------+-------+---------------+----------------------------------+-------+-------+------------+----------+--------------+


+------------------------------------------------------------------------------------------------------+
; Timing Analyzer Settings                                                                             ;
+-------------------------------------------------------+--------------------+------+----+-------------+
; Option                                                ; Setting            ; From ; To ; Entity Name ;
+-------------------------------------------------------+--------------------+------+----+-------------+
; Device Name                                           ; EPM7128SLC84-15    ;      ;    ;             ;
; Timing Models                                         ; Final              ;      ;    ;             ;
; Number of source nodes to report per destination node ; 10                 ;      ;    ;             ;
; Number of destination nodes to report                 ; 10                 ;      ;    ;             ;
; Number of paths to report                             ; 200                ;      ;    ;             ;
; Report Minimum Timing Checks                          ; Off                ;      ;    ;             ;
; Use Fast Timing Models                                ; Off                ;      ;    ;             ;
; Report IO Paths Separately                            ; Off                ;      ;    ;             ;
; Default hold multicycle                               ; Same as Multicycle ;      ;    ;             ;
; Cut paths between unrelated clock domains             ; On                 ;      ;    ;             ;
; Cut off read during write signal paths                ; On                 ;      ;    ;             ;
; Cut off feedback from I/O pins                        ; On                 ;      ;    ;             ;
; Report Combined Fast/Slow Timing                      ; Off                ;      ;    ;             ;
; Ignore Clock Settings                                 ; Off                ;      ;    ;             ;
; Analyze latches as synchronous elements               ; Off                ;      ;    ;             ;
; Enable Recovery/Removal analysis                      ; Off                ;      ;    ;             ;
; Enable Clock Latency                                  ; Off                ;      ;    ;             ;
+-------------------------------------------------------+--------------------+------+----+-------------+


+------------------------------------------------------------------------------------------------------------------------------------------------------------------------------------+
; Clock Settings Summary                                                                                                                                                             ;
+-----------------+--------------------+----------+------------------+---------------+--------------+----------+-----------------------+---------------------+--------+--------------+
; Clock Node Name ; Clock Setting Name ; Type     ; Fmax Requirement ; Early Latency ; Late Latency ; Based on ; Multiply Base Fmax by ; Divide Base Fmax by ; Offset ; Phase offset ;
+-----------------+--------------------+----------+------------------+---------------+--------------+----------+-----------------------+---------------------+--------+--------------+
; CLK             ;                    ; User Pin ; NONE             ; 0.000 ns      ; 0.000 ns     ; NONE     ; N/A                   ; N/A                 ; N/A    ;              ;
+-----------------+--------------------+----------+------------------+---------------+--------------+----------+-----------------------+---------------------+--------+--------------+


+----------------------------------------------------------------------------------------------------------------------------------------------------------------------+
; Clock Setup: 'CLK'                                                                                                                                                   ;
+-------+----------------------------------+-------+-------+------------+----------+-----------------------------+---------------------------+-------------------------+
; Slack ; Actual fmax (period)             ; From  ; To    ; From Clock ; To Clock ; Required Setup Relationship ; Required Longest P2P Time ; Actual Longest P2P Time ;
+-------+----------------------------------+-------+-------+------------+----------+-----------------------------+---------------------------+-------------------------+
; N/A   ; 76.92 MHz ( period = 13.000 ns ) ; state ; state ; CLK        ; CLK      ; None                        ; None                      ; 8.000 ns                ;
+-------+----------------------------------+-------+-------+------------+----------+-----------------------------+---------------------------+-------------------------+


+-------------------------------------------------------------+
; tsu                                                         ;
+-------+--------------+------------+------+-------+----------+
; Slack ; Required tsu ; Actual tsu ; From ; To    ; To Clock ;
+-------+--------------+------------+------+-------+----------+
; N/A   ; None         ; 11.000 ns  ; J    ; state ; CLK      ;
; N/A   ; None         ; 11.000 ns  ; K    ; state ; CLK      ;
+-------+--------------+------------+------+-------+----------+


+-------------------------------------------------------------+
; tco                                                         ;
+-------+--------------+------------+-------+----+------------+
; Slack ; Required tco ; Actual tco ; From  ; To ; From Clock ;
+-------+--------------+------------+-------+----+------------+
; N/A   ; None         ; 17.000 ns  ; state ; Qn ; CLK        ;
; N/A   ; None         ; 8.000 ns   ; state ; Q  ; CLK        ;
+-------+--------------+------------+-------+----+------------+


+-------------------------------------------------------------------+
; th                                                                ;
+---------------+-------------+-----------+------+-------+----------+
; Minimum Slack ; Required th ; Actual th ; From ; To    ; To Clock ;
+---------------+-------------+-----------+------+-------+----------+
; N/A           ; None        ; -3.000 ns ; J    ; state ; CLK      ;
; N/A           ; None        ; -3.000 ns ; K    ; state ; CLK      ;
+---------------+-------------+-----------+------+-------+----------+


+--------------------------+
; Timing Analyzer Messages ;
+--------------------------+
Info: *******************************************************************
Info: Running Quartus II Timing Analyzer
    Info: Version 5.0 Build 148 04/26/2005 SJ Full Version
    Info: Processing started: Sat Oct 22 08:05:57 2022
Info: Command: quartus_tan --read_settings_files=off --write_settings_files=off VHDL_JK_trigger -c VHDL_JK_trigger
Info: Started post-fitting delay annotation
Info: Delay annotation completed successfully
Warning: Found pins functioning as undefined clocks and/or memory enables
    Info: Assuming node "CLK" is an undefined clock
Info: Clock "CLK" has Internal fmax of 76.92 MHz between source register "state" and destination register "state" (period= 13.0 ns)
    Info: + Longest register to register delay is 8.000 ns
        Info: 1: + IC(0.000 ns) + CELL(0.000 ns) = 0.000 ns; Loc. = LC3; Fanout = 4; REG Node = 'state'
        Info: 2: + IC(2.000 ns) + CELL(6.000 ns) = 8.000 ns; Loc. = LC3; Fanout = 4; REG Node = 'state'
        Info: Total cell delay = 6.000 ns ( 75.00 % )
        Info: Total interconnect delay = 2.000 ns ( 25.00 % )
    Info: - Smallest clock skew is 0.000 ns
        Info: + Shortest clock path from clock "CLK" to destination register is 3.000 ns
            Info: 1: + IC(0.000 ns) + CELL(3.000 ns) = 3.000 ns; Loc. = PIN_83; Fanout = 1; CLK Node = 'CLK'
            Info: 2: + IC(0.000 ns) + CELL(0.000 ns) = 3.000 ns; Loc. = LC3; Fanout = 4; REG Node = 'state'
            Info: Total cell delay = 3.000 ns ( 100.00 % )
        Info: - Longest clock path from clock "CLK" to source register is 3.000 ns
            Info: 1: + IC(0.000 ns) + CELL(3.000 ns) = 3.000 ns; Loc. = PIN_83; Fanout = 1; CLK Node = 'CLK'
            Info: 2: + IC(0.000 ns) + CELL(0.000 ns) = 3.000 ns; Loc. = LC3; Fanout = 4; REG Node = 'state'
            Info: Total cell delay = 3.000 ns ( 100.00 % )
    Info: + Micro clock to output delay of source is 1.000 ns
    Info: + Micro setup delay of destination is 4.000 ns
Info: tsu for register "state" (data pin = "J", clock pin = "CLK") is 11.000 ns
    Info: + Longest pin to register delay is 10.000 ns
        Info: 1: + IC(0.000 ns) + CELL(2.000 ns) = 2.000 ns; Loc. = PIN_81; Fanout = 1; PIN Node = 'J'
        Info: 2: + IC(2.000 ns) + CELL(6.000 ns) = 10.000 ns; Loc. = LC3; Fanout = 4; REG Node = 'state'
        Info: Total cell delay = 8.000 ns ( 80.00 % )
        Info: Total interconnect delay = 2.000 ns ( 20.00 % )
    Info: + Micro setup delay of destination is 4.000 ns
    Info: - Shortest clock path from clock "CLK" to destination register is 3.000 ns
        Info: 1: + IC(0.000 ns) + CELL(3.000 ns) = 3.000 ns; Loc. = PIN_83; Fanout = 1; CLK Node = 'CLK'
        Info: 2: + IC(0.000 ns) + CELL(0.000 ns) = 3.000 ns; Loc. = LC3; Fanout = 4; REG Node = 'state'
        Info: Total cell delay = 3.000 ns ( 100.00 % )
Info: tco from clock "CLK" to destination pin "Qn" through register "state" is 17.000 ns
    Info: + Longest clock path from clock "CLK" to source register is 3.000 ns
        Info: 1: + IC(0.000 ns) + CELL(3.000 ns) = 3.000 ns; Loc. = PIN_83; Fanout = 1; CLK Node = 'CLK'
        Info: 2: + IC(0.000 ns) + CELL(0.000 ns) = 3.000 ns; Loc. = LC3; Fanout = 4; REG Node = 'state'
        Info: Total cell delay = 3.000 ns ( 100.00 % )
    Info: + Micro clock to output delay of source is 1.000 ns
    Info: + Longest register to pin delay is 13.000 ns
        Info: 1: + IC(0.000 ns) + CELL(0.000 ns) = 0.000 ns; Loc. = LC3; Fanout = 4; REG Node = 'state'
        Info: 2: + IC(2.000 ns) + CELL(7.000 ns) = 9.000 ns; Loc. = LC5; Fanout = 1; COMB Node = 'state~21'
        Info: 3: + IC(0.000 ns) + CELL(4.000 ns) = 13.000 ns; Loc. = PIN_11; Fanout = 0; PIN Node = 'Qn'
        Info: Total cell delay = 11.000 ns ( 84.62 % )
        Info: Total interconnect delay = 2.000 ns ( 15.38 % )
Info: th for register "state" (data pin = "J", clock pin = "CLK") is -3.000 ns
    Info: + Longest clock path from clock "CLK" to destination register is 3.000 ns
        Info: 1: + IC(0.000 ns) + CELL(3.000 ns) = 3.000 ns; Loc. = PIN_83; Fanout = 1; CLK Node = 'CLK'
        Info: 2: + IC(0.000 ns) + CELL(0.000 ns) = 3.000 ns; Loc. = LC3; Fanout = 4; REG Node = 'state'
        Info: Total cell delay = 3.000 ns ( 100.00 % )
    Info: + Micro hold delay of destination is 4.000 ns
    Info: - Shortest pin to register delay is 10.000 ns
        Info: 1: + IC(0.000 ns) + CELL(2.000 ns) = 2.000 ns; Loc. = PIN_81; Fanout = 1; PIN Node = 'J'
        Info: 2: + IC(2.000 ns) + CELL(6.000 ns) = 10.000 ns; Loc. = LC3; Fanout = 4; REG Node = 'state'
        Info: Total cell delay = 8.000 ns ( 80.00 % )
        Info: Total interconnect delay = 2.000 ns ( 20.00 % )
Info: Quartus II Timing Analyzer was successful. 0 errors, 1 warning
    Info: Processing ended: Sat Oct 22 08:05:58 2022
    Info: Elapsed time: 00:00:01


