Fitter report for 9
Sat Oct 15 11:19:03 2022
Version 5.0 Build 148 04/26/2005 SJ Full Version


---------------------
; Table of Contents ;
---------------------
  1. Legal Notice
  2. Fitter Summary
  3. Fitter Settings
  4. Fitter Device Options
  5. Fitter Equations
  6. Pin-Out File
  7. Fitter Resource Usage Summary
  8. Input Pins
  9. Output Pins
 10. All Package Pins
 11. I/O Standard
 12. Dedicated Inputs I/O
 13. Output Pin Default Load For Reported TCO
 14. Fitter Resource Utilization by Entity
 15. Control Signals
 16. Global & Other Fast Signals
 17. Non-Global High Fan-Out Signals
 18. Interconnect Usage Summary
 19. LAB External Interconnect
 20. LAB Macrocells
 21. Logic Cell Interconnection
 22. Fitter Messages



----------------
; Legal Notice ;
----------------
Copyright (C) 1991-2005 Altera Corporation
Your use of Altera Corporation's design tools, logic functions 
and other software and tools, and its AMPP partner logic       
functions, and any output files any of the foregoing           
(including device programming or simulation files), and any    
associated documentation or information are expressly subject  
to the terms and conditions of the Altera Program License      
Subscription Agreement, Altera MegaCore Function License       
Agreement, or other applicable license agreement, including,   
without limitation, that your use is for the sole purpose of   
programming logic devices manufactured by Altera and sold by   
Altera or its authorized distributors.  Please refer to the    
applicable agreement for further details.



+------------------------------------------------------------------+
; Fitter Summary                                                   ;
+-----------------------+------------------------------------------+
; Fitter Status         ; Successful - Sat Oct 15 11:19:03 2022    ;
; Quartus II Version    ; 5.0 Build 148 04/26/2005 SJ Full Version ;
; Revision Name         ; 9                                        ;
; Top-level Entity Name ; 2-stroke_D-trigger                       ;
; Family                ; MAX7000S                                 ;
; Device                ; EPM7128SLC84-15                          ;
; Timing Models         ; Final                                    ;
; Total macrocells      ; 2 / 128 ( 1 % )                          ;
; Total pins            ; 9 / 68 ( 13 % )                          ;
+-----------------------+------------------------------------------+


+--------------------------------------------------------------------------------------+
; Fitter Settings                                                                      ;
+--------------------------------------------+--------------------+--------------------+
; Option                                     ; Setting            ; Default Value      ;
+--------------------------------------------+--------------------+--------------------+
; Device                                     ; EPM7128SLC84-15    ;                    ;
; Use smart compilation                      ; Off                ; Off                ;
; Optimize Timing                            ; Normal compilation ; Normal compilation ;
; Optimize IOC Register Placement for Timing ; On                 ; On                 ;
; Limit to One Fitting Attempt               ; Off                ; Off                ;
; Fitter Initial Placement Seed              ; 1                  ; 1                  ;
; Slow Slew Rate                             ; Off                ; Off                ;
; Fitter Effort                              ; Auto Fit           ; Auto Fit           ;
+--------------------------------------------+--------------------+--------------------+


+----------------------------------------------------------------------------------------+
; Fitter Device Options                                                                  ;
+----------------------------------------------+-----------------------------------------+
; Option                                       ; Setting                                 ;
+----------------------------------------------+-----------------------------------------+
; Enable user-supplied start-up clock (CLKUSR) ; Off                                     ;
; Enable device-wide reset (DEV_CLRn)          ; Off                                     ;
; Enable device-wide output enable (DEV_OE)    ; Off                                     ;
; Enable INIT_DONE output                      ; Off                                     ;
; Configuration scheme                         ; Passive Serial                          ;
; Reserve all unused pins                      ; As output driving an unspecified signal ;
; Security bit                                 ; Off                                     ;
; Base pin-out file on sameframe device        ; Off                                     ;
+----------------------------------------------+-----------------------------------------+


+------------------+
; Fitter Equations ;
+------------------+
The equations can be found in C:/altera/lab4/9.12/9.fit.eqn.


+--------------+
; Pin-Out File ;
+--------------+
The pin-out file can be found in C:/altera/lab4/9.12/9.pin.


+-------------------------------------------------+
; Fitter Resource Usage Summary                   ;
+-------------------------------+-----------------+
; Resource                      ; Usage           ;
+-------------------------------+-----------------+
; Logic cells                   ; 2 / 128 ( 1 % ) ;
; Registers                     ; 2 / 128 ( 1 % ) ;
; Number of pterms used         ; 2               ;
; User inserted logic elements  ; 0               ;
; I/O pins                      ; 9 / 68 ( 13 % ) ;
;     -- Clock pins             ; 2 / 2 ( 100 % ) ;
;     -- Dedicated input pins   ; 1 / 2 ( 50 % )  ;
; Global signals                ; 3               ;
; Shareable expanders           ; 0 / 128 ( 0 % ) ;
; Parallel expanders            ; 0 / 120 ( 0 % ) ;
; Cells using turbo bit         ; 2 / 128 ( 1 % ) ;
; Maximum fan-out node          ; R               ;
; Maximum fan-out               ; 2               ;
; Total fan-out                 ; 7               ;
; Average fan-out               ; 0.64            ;
+-------------------------------+-----------------+


+--------------------------------------------------------------------------------------------------------------------------------------------+
; Input Pins                                                                                                                                 ;
+------+-------+----------+-----+-----------------------+--------------------+--------+----------------+--------------+----------------------+
; Name ; Pin # ; I/O Bank ; LAB ; Combinational Fan-Out ; Registered Fan-Out ; Global ; Input Register ; I/O Standard ; Location assigned by ;
+------+-------+----------+-----+-----------------------+--------------------+--------+----------------+--------------+----------------------+
; C1   ; 2     ; --       ; --  ; 1                     ; 0                  ; yes    ; no             ; TTL          ; Fitter               ;
; C2   ; 83    ; --       ; --  ; 1                     ; 0                  ; yes    ; no             ; TTL          ; Fitter               ;
; D    ; 4     ; --       ; 1   ; 1                     ; 0                  ; no     ; no             ; TTL          ; Fitter               ;
; R    ; 1     ; --       ; --  ; 2                     ; 0                  ; yes    ; no             ; TTL          ; Fitter               ;
+------+-------+----------+-----+-----------------------+--------------------+--------+----------------+--------------+----------------------+


+---------------------------------------------------------------------------------------------------------------------------------------------------+
; Output Pins                                                                                                                                       ;
+------+-------+----------+-----+-----------------+----------------+------------+---------------+--------------+----------------------+-------------+
; Name ; Pin # ; I/O Bank ; LAB ; Output Register ; Slow Slew Rate ; Open Drain ; TRI Primitive ; I/O Standard ; Location assigned by ; Load        ;
+------+-------+----------+-----+-----------------+----------------+------------+---------------+--------------+----------------------+-------------+
; Q    ; 12    ; --       ; 1   ; no              ; no             ; no         ; no            ; TTL          ; Fitter               ; Unspecified ;
+------+-------+----------+-----+-----------------+----------------+------------+---------------+--------------+----------------------+-------------+


+-------------------------------------------------------------------------------------------------------+
; All Package Pins                                                                                      ;
+----------+------------+----------+----------------+--------+--------------+---------+-----------------+
; Location ; Pad Number ; I/O Bank ; Pin Name/Usage ; Dir.   ; I/O Standard ; Voltage ; User Assignment ;
+----------+------------+----------+----------------+--------+--------------+---------+-----------------+
; 1        ; 0          ; --       ; R              ; input  ; TTL          ;         ; N               ;
; 2        ; 1          ; --       ; C1             ; input  ; TTL          ;         ; N               ;
; 3        ; 2          ; --       ; VCCINT         ; power  ;              ; 5.0V    ;                 ;
; 4        ; 3          ; --       ; D              ; input  ; TTL          ;         ; N               ;
; 5        ; 4          ; --       ; RESERVED       ;        ;              ;         ;                 ;
; 6        ; 5          ; --       ; RESERVED       ;        ;              ;         ;                 ;
; 7        ; 6          ; --       ; GND            ; gnd    ;              ;         ;                 ;
; 8        ; 7          ; --       ; RESERVED       ;        ;              ;         ;                 ;
; 9        ; 8          ; --       ; RESERVED       ;        ;              ;         ;                 ;
; 10       ; 9          ; --       ; RESERVED       ;        ;              ;         ;                 ;
; 11       ; 10         ; --       ; RESERVED       ;        ;              ;         ;                 ;
; 12       ; 11         ; --       ; Q              ; output ; TTL          ;         ; N               ;
; 13       ; 12         ; --       ; VCCIO          ; power  ;              ; 5.0V    ;                 ;
; 14       ; 13         ; --       ; +TDI           ; input  ; TTL          ;         ; N               ;
; 15       ; 14         ; --       ; RESERVED       ;        ;              ;         ;                 ;
; 16       ; 15         ; --       ; RESERVED       ;        ;              ;         ;                 ;
; 17       ; 16         ; --       ; RESERVED       ;        ;              ;         ;                 ;
; 18       ; 17         ; --       ; RESERVED       ;        ;              ;         ;                 ;
; 19       ; 18         ; --       ; GND            ; gnd    ;              ;         ;                 ;
; 20       ; 19         ; --       ; RESERVED       ;        ;              ;         ;                 ;
; 21       ; 20         ; --       ; RESERVED       ;        ;              ;         ;                 ;
; 22       ; 21         ; --       ; RESERVED       ;        ;              ;         ;                 ;
; 23       ; 22         ; --       ; +TMS           ; input  ; TTL          ;         ; N               ;
; 24       ; 23         ; --       ; RESERVED       ;        ;              ;         ;                 ;
; 25       ; 24         ; --       ; RESERVED       ;        ;              ;         ;                 ;
; 26       ; 25         ; --       ; VCCIO          ; power  ;              ; 5.0V    ;                 ;
; 27       ; 26         ; --       ; RESERVED       ;        ;              ;         ;                 ;
; 28       ; 27         ; --       ; RESERVED       ;        ;              ;         ;                 ;
; 29       ; 28         ; --       ; RESERVED       ;        ;              ;         ;                 ;
; 30       ; 29         ; --       ; RESERVED       ;        ;              ;         ;                 ;
; 31       ; 30         ; --       ; RESERVED       ;        ;              ;         ;                 ;
; 32       ; 31         ; --       ; GND            ; gnd    ;              ;         ;                 ;
; 33       ; 32         ; --       ; RESERVED       ;        ;              ;         ;                 ;
; 34       ; 33         ; --       ; RESERVED       ;        ;              ;         ;                 ;
; 35       ; 34         ; --       ; RESERVED       ;        ;              ;         ;                 ;
; 36       ; 35         ; --       ; RESERVED       ;        ;              ;         ;                 ;
; 37       ; 36         ; --       ; RESERVED       ;        ;              ;         ;                 ;
; 38       ; 37         ; --       ; VCCIO          ; power  ;              ; 5.0V    ;                 ;
; 39       ; 38         ; --       ; RESERVED       ;        ;              ;         ;                 ;
; 40       ; 39         ; --       ; RESERVED       ;        ;              ;         ;                 ;
; 41       ; 40         ; --       ; RESERVED       ;        ;              ;         ;                 ;
; 42       ; 41         ; --       ; GND            ; gnd    ;              ;         ;                 ;
; 43       ; 42         ; --       ; VCCINT         ; power  ;              ; 5.0V    ;                 ;
; 44       ; 43         ; --       ; RESERVED       ;        ;              ;         ;                 ;
; 45       ; 44         ; --       ; RESERVED       ;        ;              ;         ;                 ;
; 46       ; 45         ; --       ; RESERVED       ;        ;              ;         ;                 ;
; 47       ; 46         ; --       ; GND            ; gnd    ;              ;         ;                 ;
; 48       ; 47         ; --       ; RESERVED       ;        ;              ;         ;                 ;
; 49       ; 48         ; --       ; RESERVED       ;        ;              ;         ;                 ;
; 50       ; 49         ; --       ; RESERVED       ;        ;              ;         ;                 ;
; 51       ; 50         ; --       ; RESERVED       ;        ;              ;         ;                 ;
; 52       ; 51         ; --       ; RESERVED       ;        ;              ;         ;                 ;
; 53       ; 52         ; --       ; VCCIO          ; power  ;              ; 5.0V    ;                 ;
; 54       ; 53         ; --       ; RESERVED       ;        ;              ;         ;                 ;
; 55       ; 54         ; --       ; RESERVED       ;        ;              ;         ;                 ;
; 56       ; 55         ; --       ; RESERVED       ;        ;              ;         ;                 ;
; 57       ; 56         ; --       ; RESERVED       ;        ;              ;         ;                 ;
; 58       ; 57         ; --       ; RESERVED       ;        ;              ;         ;                 ;
; 59       ; 58         ; --       ; GND            ; gnd    ;              ;         ;                 ;
; 60       ; 59         ; --       ; RESERVED       ;        ;              ;         ;                 ;
; 61       ; 60         ; --       ; RESERVED       ;        ;              ;         ;                 ;
; 62       ; 61         ; --       ; +TCK           ; input  ; TTL          ;         ; N               ;
; 63       ; 62         ; --       ; RESERVED       ;        ;              ;         ;                 ;
; 64       ; 63         ; --       ; RESERVED       ;        ;              ;         ;                 ;
; 65       ; 64         ; --       ; RESERVED       ;        ;              ;         ;                 ;
; 66       ; 65         ; --       ; VCCIO          ; power  ;              ; 5.0V    ;                 ;
; 67       ; 66         ; --       ; RESERVED       ;        ;              ;         ;                 ;
; 68       ; 67         ; --       ; RESERVED       ;        ;              ;         ;                 ;
; 69       ; 68         ; --       ; RESERVED       ;        ;              ;         ;                 ;
; 70       ; 69         ; --       ; RESERVED       ;        ;              ;         ;                 ;
; 71       ; 70         ; --       ; *TDO           ; output ; TTL          ;         ; N               ;
; 72       ; 71         ; --       ; GND            ; gnd    ;              ;         ;                 ;
; 73       ; 72         ; --       ; RESERVED       ;        ;              ;         ;                 ;
; 74       ; 73         ; --       ; RESERVED       ;        ;              ;         ;                 ;
; 75       ; 74         ; --       ; RESERVED       ;        ;              ;         ;                 ;
; 76       ; 75         ; --       ; RESERVED       ;        ;              ;         ;                 ;
; 77       ; 76         ; --       ; RESERVED       ;        ;              ;         ;                 ;
; 78       ; 77         ; --       ; VCCIO          ; power  ;              ; 5.0V    ;                 ;
; 79       ; 78         ; --       ; RESERVED       ;        ;              ;         ;                 ;
; 80       ; 79         ; --       ; RESERVED       ;        ;              ;         ;                 ;
; 81       ; 80         ; --       ; RESERVED       ;        ;              ;         ;                 ;
; 82       ; 81         ; --       ; GND            ; gnd    ;              ;         ;                 ;
; 83       ; 82         ; --       ; C2             ; input  ; TTL          ;         ; N               ;
; 84       ; 83         ; --       ; GND+           ;        ;              ;         ;                 ;
+----------+------------+----------+----------------+--------+--------------+---------+-----------------+


+--------------------------------------------------------------------------------------------------+
; I/O Standard                                                                                     ;
+--------------+------------+----------------------+-------------------+-------------------+-------+
; I/O Standard ; Input Vref ; Dedicated Input Pins ; Pins in I/O Bank1 ; Pins in I/O Bank2 ; Total ;
+--------------+------------+----------------------+-------------------+-------------------+-------+
; TTL          ; -          ; 3                    ; 0                 ; 0                 ; 3     ;
+--------------+------------+----------------------+-------------------+-------------------+-------+


+--------------------------------------------------------------------+
; Dedicated Inputs I/O                                               ;
+------+-------+-------+-------+--------------+------------+---------+
; Name ; Pin # ; Type  ; VCCIO ; I/O Standard ; Input Vref ; Current ;
+------+-------+-------+-------+--------------+------------+---------+
; C1   ; 2     ; Input ; --    ; TTL          ; -          ; 0 mA    ;
; C2   ; 83    ; Input ; --    ; TTL          ; -          ; 0 mA    ;
; R    ; 1     ; Input ; --    ; TTL          ; -          ; 0 mA    ;
+------+-------+-------+-------+--------------+------------+---------+


+-----------------------------------------------+
; Output Pin Default Load For Reported TCO      ;
+--------------+-------+------------------------+
; I/O Standard ; Load  ; Termination Resistance ;
+--------------+-------+------------------------+
; LVTTL        ; 10 pF ; Not Available          ;
; LVCMOS       ; 10 pF ; Not Available          ;
; TTL          ; 0 pF  ; Not Available          ;
+--------------+-------+------------------------+
Note: User assignments will override these defaults. The user specified values are listed in the Output Pins and Bidir Pins tables.


+----------------------------------------------------------------------+
; Fitter Resource Utilization by Entity                                ;
+----------------------------+------------+------+---------------------+
; Compilation Hierarchy Node ; Macrocells ; Pins ; Full Hierarchy Name ;
+----------------------------+------------+------+---------------------+
; |2-stroke_D-trigger        ; 2          ; 9    ; |2-stroke_D-trigger ;
+----------------------------+------------+------+---------------------+


+---------------------------------------------------------------------------------------------+
; Control Signals                                                                             ;
+------+----------+---------+--------------+--------+----------------------+------------------+
; Name ; Location ; Fan-Out ; Usage        ; Global ; Global Resource Used ; Global Line Name ;
+------+----------+---------+--------------+--------+----------------------+------------------+
; C1   ; PIN_2    ; 1       ; Clock        ; yes    ; On                   ; --               ;
; C2   ; PIN_83   ; 1       ; Clock        ; yes    ; On                   ; --               ;
; R    ; PIN_1    ; 2       ; Async. clear ; yes    ; On                   ; --               ;
+------+----------+---------+--------------+--------+----------------------+------------------+


+---------------------------------------------------------------------+
; Global & Other Fast Signals                                         ;
+------+----------+---------+----------------------+------------------+
; Name ; Location ; Fan-Out ; Global Resource Used ; Global Line Name ;
+------+----------+---------+----------------------+------------------+
; C1   ; PIN_2    ; 1       ; On                   ; --               ;
; C2   ; PIN_83   ; 1       ; On                   ; --               ;
; R    ; PIN_1    ; 2       ; On                   ; --               ;
+------+----------+---------+----------------------+------------------+


+---------------------------------+
; Non-Global High Fan-Out Signals ;
+-------+-------------------------+
; Name  ; Fan-Out                 ;
+-------+-------------------------+
; D     ; 1                       ;
; inst4 ; 1                       ;
; inst  ; 1                       ;
+-------+-------------------------+


+------------------------------------------------+
; Interconnect Usage Summary                     ;
+----------------------------+-------------------+
; Interconnect Resource Type ; Usage             ;
+----------------------------+-------------------+
; Output enables             ; 0 / 6 ( 0 % )     ;
; PIA buffers                ; 2 / 288 ( < 1 % ) ;
; PIAs                       ; 2 / 288 ( < 1 % ) ;
+----------------------------+-------------------+


+----------------------------------------------------------------------------+
; LAB External Interconnect                                                  ;
+----------------------------------------------+-----------------------------+
; LAB External Interconnects  (Average = 0.25) ; Number of LABs  (Total = 1) ;
+----------------------------------------------+-----------------------------+
; 0                                            ; 7                           ;
; 1                                            ; 0                           ;
; 2                                            ; 1                           ;
+----------------------------------------------+-----------------------------+


+----------------------------------------------------------------------+
; LAB Macrocells                                                       ;
+----------------------------------------+-----------------------------+
; Number of Macrocells  (Average = 0.25) ; Number of LABs  (Total = 1) ;
+----------------------------------------+-----------------------------+
; 0                                      ; 7                           ;
; 1                                      ; 0                           ;
; 2                                      ; 1                           ;
+----------------------------------------+-----------------------------+


+-----------------------------------------+
; Logic Cell Interconnection              ;
+-----+------------+-------------+--------+
; LAB ; Logic Cell ; Input       ; Output ;
+-----+------------+-------------+--------+
;  A  ; LC1        ; C1, R, D    ; inst4  ;
;  A  ; LC3        ; C2, R, inst ; Q      ;
+-----+------------+-------------+--------+


+-----------------+
; Fitter Messages ;
+-----------------+
Info: *******************************************************************
Info: Running Quartus II Fitter
    Info: Version 5.0 Build 148 04/26/2005 SJ Full Version
    Info: Processing started: Sat Oct 15 11:19:03 2022
Info: Command: quartus_fit --read_settings_files=off --write_settings_files=off 912 -c 9
Info: Selected device EPM7128SLC84-15 for design "9"
Info: Quartus II Fitter was successful. 0 errors, 0 warnings
    Info: Processing ended: Sat Oct 15 11:19:03 2022
    Info: Elapsed time: 00:00:00


