Timing Analyzer report for lab2
Sat Oct 08 13:17:29 2022
Version 5.0 Build 148 04/26/2005 SJ Full Version


---------------------
; Table of Contents ;
---------------------
  1. Legal Notice
  2. Timing Analyzer Summary
  3. Timing Analyzer Settings
  4. tpd
  5. Timing Analyzer Messages



----------------
; Legal Notice ;
----------------
Copyright (C) 1991-2005 Altera Corporation
Your use of Altera Corporation's design tools, logic functions 
and other software and tools, and its AMPP partner logic       
functions, and any output files any of the foregoing           
(including device programming or simulation files), and any    
associated documentation or information are expressly subject  
to the terms and conditions of the Altera Program License      
Subscription Agreement, Altera MegaCore Function License       
Agreement, or other applicable license agreement, including,   
without limitation, that your use is for the sole purpose of   
programming logic devices manufactured by Altera and sold by   
Altera or its authorized distributors.  Please refer to the    
applicable agreement for further details.



+----------------------------------------------------------------------------------------------------------------------------------------------------------------------------+
; Timing Analyzer Summary                                                                                                                                                    ;
+------------------------------+-------+---------------+-------------+-------------------------------+--------------------------------+------------+----------+--------------+
; Type                         ; Slack ; Required Time ; Actual Time ; From                          ; To                             ; From Clock ; To Clock ; Failed Paths ;
+------------------------------+-------+---------------+-------------+-------------------------------+--------------------------------+------------+----------+--------------+
; Worst-case tpd               ; N/A   ; None          ; 42.000 ns   ; pluse_former_fon_and_slice_in ; pluse_former_fon_and_slice_out ;            ;          ; 0            ;
; Total number of failed paths ;       ;               ;             ;                               ;                                ;            ;          ; 0            ;
+------------------------------+-------+---------------+-------------+-------------------------------+--------------------------------+------------+----------+--------------+


+------------------------------------------------------------------------------------------------------+
; Timing Analyzer Settings                                                                             ;
+-------------------------------------------------------+--------------------+------+----+-------------+
; Option                                                ; Setting            ; From ; To ; Entity Name ;
+-------------------------------------------------------+--------------------+------+----+-------------+
; Device Name                                           ; EPM7128SLC84-15    ;      ;    ;             ;
; Timing Models                                         ; Final              ;      ;    ;             ;
; Number of source nodes to report per destination node ; 10                 ;      ;    ;             ;
; Number of destination nodes to report                 ; 10                 ;      ;    ;             ;
; Number of paths to report                             ; 200                ;      ;    ;             ;
; Report Minimum Timing Checks                          ; Off                ;      ;    ;             ;
; Use Fast Timing Models                                ; Off                ;      ;    ;             ;
; Report IO Paths Separately                            ; Off                ;      ;    ;             ;
; Default hold multicycle                               ; Same as Multicycle ;      ;    ;             ;
; Cut paths between unrelated clock domains             ; On                 ;      ;    ;             ;
; Cut off read during write signal paths                ; On                 ;      ;    ;             ;
; Cut off feedback from I/O pins                        ; On                 ;      ;    ;             ;
; Report Combined Fast/Slow Timing                      ; Off                ;      ;    ;             ;
; Ignore Clock Settings                                 ; On                 ;      ;    ;             ;
; Analyze latches as synchronous elements               ; Off                ;      ;    ;             ;
; Enable Recovery/Removal analysis                      ; Off                ;      ;    ;             ;
; Enable Clock Latency                                  ; Off                ;      ;    ;             ;
+-------------------------------------------------------+--------------------+------+----+-------------+


+------------------------------------------------------------------------------------------------------------------+
; tpd                                                                                                              ;
+-------+-------------------+-----------------+-------------------------------+------------------------------------+
; Slack ; Required P2P Time ; Actual P2P Time ; From                          ; To                                 ;
+-------+-------------------+-----------------+-------------------------------+------------------------------------+
; N/A   ; None              ; 42.000 ns       ; pluse_gen_in                  ; pluse_gen_out                      ;
; N/A   ; None              ; 42.000 ns       ; pluse_former_fon_and_slice_in ; pluse_former_fon_and_slice_out     ;
; N/A   ; None              ; 33.000 ns       ; pluse_former_XOR_in           ; pluse_former_XOR_out               ;
; N/A   ; None              ; 33.000 ns       ; pluse_former_in               ; pluse_former_out                   ;
; N/A   ; None              ; 33.000 ns       ; Risk_A                        ; Risk_B                             ;
; N/A   ; None              ; 24.000 ns       ; pluse_former_parasite_out_in  ; pluse_former_parasite_out_output_x ;
; N/A   ; None              ; 24.000 ns       ; Risk_A                        ; Risk_X2                            ;
; N/A   ; None              ; 15.000 ns       ; pluse_former_parasite_out_in  ; pluse_former_parasite_out_output_y ;
; N/A   ; None              ; 15.000 ns       ; Risk_A                        ; Risk_X1                            ;
+-------+-------------------+-----------------+-------------------------------+------------------------------------+


+--------------------------+
; Timing Analyzer Messages ;
+--------------------------+
Info: *******************************************************************
Info: Running Quartus II Timing Analyzer
    Info: Version 5.0 Build 148 04/26/2005 SJ Full Version
    Info: Processing started: Sat Oct 08 13:17:29 2022
Info: Command: quartus_tan --read_settings_files=off --write_settings_files=off lab2 -c lab2
Info: Started post-fitting delay annotation
Info: Delay annotation completed successfully
Info: Found combinational loop of 1 nodes
    Info: Node "pluse_former_parasite_output:inst4|inst5~4"
Info: Found combinational loop of 4 nodes
    Info: Node "pluse_gen:inst1|inst13"
    Info: Node "pluse_gen:inst1|inst10"
    Info: Node "pluse_gen:inst1|inst11"
    Info: Node "pluse_gen:inst1|inst12"
Info: Longest tpd from source pin "pluse_gen_in" to destination pin "pluse_gen_out" is 42.000 ns
    Info: 1: + IC(0.000 ns) + CELL(2.000 ns) = 2.000 ns; Loc. = PIN_80; Fanout = 2; PIN Node = 'pluse_gen_in'
    Info: 2: + IC(0.000 ns) + CELL(36.000 ns) = 38.000 ns; Loc. = LC3; Fanout = 2; COMB LOOP Node = 'pluse_gen:inst1|inst13'
        Info: Loc. = LC12; Node "pluse_gen:inst1|inst10"
        Info: Loc. = LC3; Node "pluse_gen:inst1|inst13"
        Info: Loc. = LC18; Node "pluse_gen:inst1|inst12"
        Info: Loc. = LC20; Node "pluse_gen:inst1|inst11"
    Info: 3: + IC(0.000 ns) + CELL(4.000 ns) = 42.000 ns; Loc. = PIN_12; Fanout = 0; PIN Node = 'pluse_gen_out'
    Info: Total cell delay = 42.000 ns ( 100.00 % )
Info: Quartus II Timing Analyzer was successful. 0 errors, 0 warnings
    Info: Processing ended: Sat Oct 08 13:17:29 2022
    Info: Elapsed time: 00:00:01


