Analysis & Synthesis report for lab2
Sat Oct 08 10:46:43 2022
Version 5.0 Build 148 04/26/2005 SJ Full Version


---------------------
; Table of Contents ;
---------------------
  1. Legal Notice
  2. Analysis & Synthesis Summary
  3. Analysis & Synthesis Settings
  4. Analysis & Synthesis Source Files Read
  5. Analysis & Synthesis Resource Usage Summary
  6. Analysis & Synthesis Resource Utilization by Entity
  7. Logic Cells Representing Combinational Loops
  8. Analysis & Synthesis Equations
  9. Analysis & Synthesis Messages



----------------
; Legal Notice ;
----------------
Copyright (C) 1991-2005 Altera Corporation
Your use of Altera Corporation's design tools, logic functions 
and other software and tools, and its AMPP partner logic       
functions, and any output files any of the foregoing           
(including device programming or simulation files), and any    
associated documentation or information are expressly subject  
to the terms and conditions of the Altera Program License      
Subscription Agreement, Altera MegaCore Function License       
Agreement, or other applicable license agreement, including,   
without limitation, that your use is for the sole purpose of   
programming logic devices manufactured by Altera and sold by   
Altera or its authorized distributors.  Please refer to the    
applicable agreement for further details.



+------------------------------------------------------------------------+
; Analysis & Synthesis Summary                                           ;
+-----------------------------+------------------------------------------+
; Analysis & Synthesis Status ; Successful - Sat Oct 08 10:46:43 2022    ;
; Quartus II Version          ; 5.0 Build 148 04/26/2005 SJ Full Version ;
; Revision Name               ; lab2                                     ;
; Top-level Entity Name       ; lab2                                     ;
; Family                      ; MAX7000S                                 ;
; Total macrocells            ; 17                                       ;
; Total pins                  ; 15                                       ;
+-----------------------------+------------------------------------------+


+--------------------------------------------------------------------------------------------------------+
; Analysis & Synthesis Settings                                                                          ;
+----------------------------------------------------------------------+-----------------+---------------+
; Option                                                               ; Setting         ; Default Value ;
+----------------------------------------------------------------------+-----------------+---------------+
; Device                                                               ; EPM7128SLC84-15 ;               ;
; Top-level entity name                                                ; lab2            ; lab2          ;
; Family name                                                          ; MAX7000S        ; Stratix       ;
; Add Pass-Through Logic to Inferred RAMs                              ; Off             ; On            ;
; Ignore LCELL Buffers -- MAX 7000B/7000AE/3000A/7000S/7000A           ; Off             ; Auto          ;
; Use smart compilation                                                ; Off             ; Off           ;
; Create Debugging Nodes for IP Cores                                  ; off             ; off           ;
; Preserve fewer node names                                            ; On              ; On            ;
; Disable OpenCore Plus hardware evaluation                            ; Off             ; Off           ;
; Verilog Version                                                      ; Verilog_2001    ; Verilog_2001  ;
; VHDL Version                                                         ; VHDL93          ; VHDL93        ;
; State Machine Processing                                             ; Auto            ; Auto          ;
; Extract Verilog State Machines                                       ; On              ; On            ;
; Extract VHDL State Machines                                          ; On              ; On            ;
; NOT Gate Push-Back                                                   ; On              ; On            ;
; Power-Up Don't Care                                                  ; On              ; On            ;
; Remove Redundant Logic Cells                                         ; Off             ; Off           ;
; Remove Duplicate Registers                                           ; On              ; On            ;
; Ignore CARRY Buffers                                                 ; Off             ; Off           ;
; Ignore CASCADE Buffers                                               ; Off             ; Off           ;
; Ignore GLOBAL Buffers                                                ; Off             ; Off           ;
; Ignore ROW GLOBAL Buffers                                            ; Off             ; Off           ;
; Ignore SOFT Buffers -- MAX 7000B/7000AE/3000A/7000S/7000A            ; Off             ; Off           ;
; Limit AHDL Integers to 32 Bits                                       ; Off             ; Off           ;
; Optimization Technique -- MAX 7000B/7000AE/3000A/7000S/7000A         ; Speed           ; Speed         ;
; Allow XOR Gate Usage                                                 ; On              ; On            ;
; Auto Logic Cell Insertion                                            ; On              ; On            ;
; Parallel Expander Chain Length -- MAX 7000B/7000AE/3000A/7000S/7000A ; 4               ; 4             ;
; Auto Parallel Expanders                                              ; On              ; On            ;
; Auto Open-Drain Pins                                                 ; On              ; On            ;
; Remove Duplicate Logic                                               ; On              ; On            ;
; Auto Resource Sharing                                                ; Off             ; Off           ;
; Maximum Fan-in Per Macrocell -- MAX 7000B/7000AE/3000A/7000S/7000A   ; 100             ; 100           ;
; Ignore translate_off and translate_on Synthesis Directives           ; Off             ; Off           ;
; Show Parameter Settings Tables in Synthesis Report                   ; On              ; On            ;
+----------------------------------------------------------------------+-----------------+---------------+


+-------------------------------------------------------------------------------------------------------------------------------------------+
; Analysis & Synthesis Source Files Read                                                                                                    ;
+----------------------------------+-----------------+------------------------------------+-------------------------------------------------+
; File Name with User-Entered Path ; Used in Netlist ; File Type                          ; File Name with Absolute Path                    ;
+----------------------------------+-----------------+------------------------------------+-------------------------------------------------+
; lab2.bdf                         ; yes             ; User Block Diagram/Schematic File  ; C:/altera/Lab2/lab2.bdf                         ;
; Risk.bdf                         ; yes             ; User Block Diagram/Schematic File  ; C:/altera/Lab2/Risk.bdf                         ;
; pluse_gen.bdf                    ; yes             ; User Block Diagram/Schematic File  ; C:/altera/Lab2/pluse_gen.bdf                    ;
; pluse_former.bdf                 ; yes             ; User Block Diagram/Schematic File  ; C:/altera/Lab2/pluse_former.bdf                 ;
; pluse_former_parasite_output.bdf ; yes             ; User Block Diagram/Schematic File  ; C:/altera/Lab2/pluse_former_parasite_output.bdf ;
; pluse_former_fon_and_slice.bdf   ; yes             ; User Block Diagram/Schematic File  ; C:/altera/Lab2/pluse_former_fon_and_slice.bdf   ;
; pluse_former_XOR.bdf             ; yes             ; User Block Diagram/Schematic File  ; C:/altera/Lab2/pluse_former_XOR.bdf             ;
+----------------------------------+-----------------+------------------------------------+-------------------------------------------------+


+-------------------------------------------------------------------+
; Analysis & Synthesis Resource Usage Summary                       ;
+----------------------+--------------------------------------------+
; Resource             ; Usage                                      ;
+----------------------+--------------------------------------------+
; Logic cells          ; 17                                         ;
; Total registers      ; 0                                          ;
; I/O pins             ; 15                                         ;
; Maximum fan-out node ; pluse_former_parasite_output:inst4|inst5~4 ;
; Maximum fan-out      ; 3                                          ;
; Total fan-out        ; 32                                         ;
; Average fan-out      ; 1.00                                       ;
+----------------------+--------------------------------------------+


+--------------------------------------------------------------------------------------------------------+
; Analysis & Synthesis Resource Utilization by Entity                                                    ;
+-----------------------------------------+------------+------+------------------------------------------+
; Compilation Hierarchy Node              ; Macrocells ; Pins ; Full Hierarchy Name                      ;
+-----------------------------------------+------------+------+------------------------------------------+
; |lab2                                   ; 17         ; 15   ; |lab2                                    ;
;    |Risk:inst|                          ; 4          ; 0    ; |lab2|Risk:inst                          ;
;    |pluse_former:inst2|                 ; 3          ; 0    ; |lab2|pluse_former:inst2                 ;
;    |pluse_former_XOR:inst5|             ; 3          ; 0    ; |lab2|pluse_former_XOR:inst5             ;
;    |pluse_former_fon_and_slice:inst3|   ; 4          ; 0    ; |lab2|pluse_former_fon_and_slice:inst3   ;
;    |pluse_former_parasite_output:inst4| ; 2          ; 0    ; |lab2|pluse_former_parasite_output:inst4 ;
;    |pluse_gen:inst1|                    ; 1          ; 0    ; |lab2|pluse_gen:inst1                    ;
+-----------------------------------------+------------+------+------------------------------------------+


+------------------------------------------------------------+
; Logic Cells Representing Combinational Loops               ;
+--------------------------------------------------------+---+
; Logic Cell Name                                        ;   ;
+--------------------------------------------------------+---+
; pluse_gen:inst1|inst9~0                                ;   ;
; pluse_former_parasite_output:inst4|inst5~0             ;   ;
; Number of logic cells representing combinational loops ; 2 ;
+--------------------------------------------------------+---+
Note: All cells listed above may not be present at the end of synthesis due to various synthesis optimizations.


+--------------------------------+
; Analysis & Synthesis Equations ;
+--------------------------------+
The equations can be found in C:/altera/Lab2/lab2.map.eqn.


+-------------------------------+
; Analysis & Synthesis Messages ;
+-------------------------------+
Info: *******************************************************************
Info: Running Quartus II Analysis & Synthesis
    Info: Version 5.0 Build 148 04/26/2005 SJ Full Version
    Info: Processing started: Sat Oct 08 10:46:42 2022
Info: Command: quartus_map --read_settings_files=on --write_settings_files=off lab2 -c lab2
Info: Found 1 design units, including 1 entities, in source file lab2.bdf
    Info: Found entity 1: lab2
Info: Found 1 design units, including 1 entities, in source file Risk.bdf
    Info: Found entity 1: Risk
Info: Found 1 design units, including 1 entities, in source file pluse_gen.bdf
    Info: Found entity 1: pluse_gen
Info: Found 1 design units, including 1 entities, in source file pluse_former.bdf
    Info: Found entity 1: pluse_former
Info: Found 1 design units, including 1 entities, in source file pluse_former_parasite_output.bdf
    Info: Found entity 1: pluse_former_parasite_output
Info: Found 1 design units, including 1 entities, in source file pluse_former_fon_and_slice.bdf
    Info: Found entity 1: pluse_former_fon_and_slice
Info: Found 1 design units, including 1 entities, in source file pluse_former_XOR.bdf
    Info: Found entity 1: pluse_former_XOR
Info: Elaborating entity "lab2" for the top level hierarchy
Info: Elaborating entity "Risk" for hierarchy "Risk:inst"
Info: Elaborating entity "pluse_former" for hierarchy "pluse_former:inst2"
Info: Elaborating entity "pluse_gen" for hierarchy "pluse_gen:inst1"
Info: Elaborating entity "pluse_former_parasite_output" for hierarchy "pluse_former_parasite_output:inst4"
Info: Elaborating entity "pluse_former_fon_and_slice" for hierarchy "pluse_former_fon_and_slice:inst3"
Info: Elaborating entity "pluse_former_XOR" for hierarchy "pluse_former_XOR:inst5"
Info: Implemented 32 device resources after synthesis - the final resource count might be different
    Info: Implemented 6 input pins
    Info: Implemented 9 output pins
    Info: Implemented 17 macrocells
Info: Quartus II Analysis & Synthesis was successful. 0 errors, 0 warnings
    Info: Processing ended: Sat Oct 08 10:46:43 2022
    Info: Elapsed time: 00:00:01


