--------------------------------------------------------------------------------------
Timing Analyzer Summary
--------------------------------------------------------------------------------------

Type           : Worst-case tsu
Slack          : N/A
Required Time  : None
Actual Time    : 11.000 ns
From           : D
To             : 2-stroke_D-trigger:inst3|inst
From Clock     : 
To Clock       : C1
Failed Paths   : 0

Type           : Worst-case tco
Slack          : N/A
Required Time  : None
Actual Time    : 8.000 ns
From           : 2-stroke_D-trigger:inst3|inst
To             : Q11
From Clock     : C1
To Clock       : 
Failed Paths   : 0

Type           : Worst-case th
Slack          : N/A
Required Time  : None
Actual Time    : -3.000 ns
From           : D
To             : 2-stroke_D-trigger:inst3|inst
From Clock     : 
To Clock       : C1
Failed Paths   : 0

Type           : Total number of failed paths
Slack          : 
Required Time  : 
Actual Time    : 
From           : 
To             : 
From Clock     : 
To Clock       : 
Failed Paths   : 0

--------------------------------------------------------------------------------------

