Analysis & Synthesis report for Lab3
Thu Oct 06 16:48:08 2022
Version 5.0 Build 148 04/26/2005 SJ Full Version


---------------------
; Table of Contents ;
---------------------
  1. Legal Notice
  2. Analysis & Synthesis Summary
  3. Analysis & Synthesis Settings
  4. Analysis & Synthesis Source Files Read
  5. Analysis & Synthesis Messages



----------------
; Legal Notice ;
----------------
Copyright (C) 1991-2005 Altera Corporation
Your use of Altera Corporation's design tools, logic functions 
and other software and tools, and its AMPP partner logic       
functions, and any output files any of the foregoing           
(including device programming or simulation files), and any    
associated documentation or information are expressly subject  
to the terms and conditions of the Altera Program License      
Subscription Agreement, Altera MegaCore Function License       
Agreement, or other applicable license agreement, including,   
without limitation, that your use is for the sole purpose of   
programming logic devices manufactured by Altera and sold by   
Altera or its authorized distributors.  Please refer to the    
applicable agreement for further details.



+------------------------------------------------------------------------+
; Analysis & Synthesis Summary                                           ;
+-----------------------------+------------------------------------------+
; Analysis & Synthesis Status ; Failed - Thu Oct 06 16:48:08 2022        ;
; Quartus II Version          ; 5.0 Build 148 04/26/2005 SJ Full Version ;
; Revision Name               ; Lab3                                     ;
; Top-level Entity Name       ; RS-trigger                               ;
; Family                      ; MAX7000S                                 ;
+-----------------------------+------------------------------------------+


+--------------------------------------------------------------------------------------------------------+
; Analysis & Synthesis Settings                                                                          ;
+----------------------------------------------------------------------+-----------------+---------------+
; Option                                                               ; Setting         ; Default Value ;
+----------------------------------------------------------------------+-----------------+---------------+
; Device                                                               ; EPM7128SLC84-15 ;               ;
; Top-level entity name                                                ; RS-trigger      ; Lab3          ;
; Family name                                                          ; MAX7000S        ; Stratix       ;
; Use smart compilation                                                ; Off             ; Off           ;
; Create Debugging Nodes for IP Cores                                  ; off             ; off           ;
; Preserve fewer node names                                            ; On              ; On            ;
; Disable OpenCore Plus hardware evaluation                            ; Off             ; Off           ;
; Verilog Version                                                      ; Verilog_2001    ; Verilog_2001  ;
; VHDL Version                                                         ; VHDL93          ; VHDL93        ;
; State Machine Processing                                             ; Auto            ; Auto          ;
; Extract Verilog State Machines                                       ; On              ; On            ;
; Extract VHDL State Machines                                          ; On              ; On            ;
; Add Pass-Through Logic to Inferred RAMs                              ; On              ; On            ;
; NOT Gate Push-Back                                                   ; On              ; On            ;
; Power-Up Don't Care                                                  ; On              ; On            ;
; Remove Redundant Logic Cells                                         ; Off             ; Off           ;
; Remove Duplicate Registers                                           ; On              ; On            ;
; Ignore CARRY Buffers                                                 ; Off             ; Off           ;
; Ignore CASCADE Buffers                                               ; Off             ; Off           ;
; Ignore GLOBAL Buffers                                                ; Off             ; Off           ;
; Ignore ROW GLOBAL Buffers                                            ; Off             ; Off           ;
; Ignore LCELL Buffers -- MAX 7000B/7000AE/3000A/7000S/7000A           ; Auto            ; Auto          ;
; Ignore SOFT Buffers -- MAX 7000B/7000AE/3000A/7000S/7000A            ; Off             ; Off           ;
; Limit AHDL Integers to 32 Bits                                       ; Off             ; Off           ;
; Optimization Technique -- MAX 7000B/7000AE/3000A/7000S/7000A         ; Speed           ; Speed         ;
; Allow XOR Gate Usage                                                 ; On              ; On            ;
; Auto Logic Cell Insertion                                            ; On              ; On            ;
; Parallel Expander Chain Length -- MAX 7000B/7000AE/3000A/7000S/7000A ; 4               ; 4             ;
; Auto Parallel Expanders                                              ; On              ; On            ;
; Auto Open-Drain Pins                                                 ; On              ; On            ;
; Remove Duplicate Logic                                               ; On              ; On            ;
; Auto Resource Sharing                                                ; Off             ; Off           ;
; Maximum Fan-in Per Macrocell -- MAX 7000B/7000AE/3000A/7000S/7000A   ; 100             ; 100           ;
; Ignore translate_off and translate_on Synthesis Directives           ; Off             ; Off           ;
; Show Parameter Settings Tables in Synthesis Report                   ; On              ; On            ;
+----------------------------------------------------------------------+-----------------+---------------+


+-----------------------------------------------------------------------------------------------+
; Analysis & Synthesis Source Files Read                                                        ;
+----------------------------------+-----------------+-----------+------------------------------+
; File Name with User-Entered Path ; Used in Netlist ; File Type ; File Name with Absolute Path ;
+----------------------------------+-----------------+-----------+------------------------------+


+-------------------------------+
; Analysis & Synthesis Messages ;
+-------------------------------+
Info: *******************************************************************
Info: Running Quartus II Analysis & Synthesis
    Info: Version 5.0 Build 148 04/26/2005 SJ Full Version
    Info: Processing started: Thu Oct 06 16:48:07 2022
Info: Command: quartus_map --read_settings_files=on --write_settings_files=off Lab3 -c Lab3
Error: VHDL syntax error at notand.vhd(1) near text "Libary";  expecting "entity", or "architecture", or "use", or "library", or "package", or "configuration"
Error: VHDL error at notand.vhd(2): object "ieee" is used but not declared
Error: VHDL error at notand.vhd(5): object "std_logic" is used but not declared
Error: VHDL error at notand.vhd(6): object "std_logic" is used but not declared
Error: VHDL error at notand.vhd(7): object "std_logic" is used but not declared
Error: Ignored construct notand at notand.vhd(4) because of previous errors
Error: VHDL error at notand.vhd(10): entity "notand" is used but not declared
Error: VHDL error at notand.vhd(12): object "c" is used but not declared
Info: Found 0 design units, including 0 entities, in source file notand.vhd
Info: Found 1 design units, including 1 entities, in source file RS-trigger.bdf
    Info: Found entity 1: RS-trigger
Info: Found 1 design units, including 1 entities, in source file D-trigger.bdf
    Info: Found entity 1: D-trigger
Error: VHDL syntax error at Lab3.vhd(1) near text "Libary";  expecting "entity", or "architecture", or "use", or "library", or "package", or "configuration"
Error: VHDL error at Lab3.vhd(2): object "ieee" is used but not declared
Error: VHDL error at Lab3.vhd(6): object "b" is used but not declared
Error: VHDL error at Lab3.vhd(5): object "std_logic" is used but not declared
Error: VHDL syntax error at Lab3.vhd(6) near text ":";  expecting ";", or ")"
Error: VHDL error at Lab3.vhd(10): entity "notand" is used but not declared
Error: VHDL error at Lab3.vhd(12): object "c" is used but not declared
Info: Found 0 design units, including 0 entities, in source file Lab3.vhd
Error: Quartus II Analysis & Synthesis was unsuccessful. 15 errors, 0 warnings
    Error: Processing ended: Thu Oct 06 16:48:08 2022
    Error: Elapsed time: 00:00:01


